10:05:31 **** Incremental Build of configuration Release for project OSExpl ****
make all 
Building file: ../src/OSExpl.c
Invoking: ARM gcc compiler
arm-xilinx-eabi-gcc -Wall -O2 -c -fmessage-length=0 -MT"src/OSExpl.o" -I../../standalone_bsp_0/ps7_cortexa9_0/include -MMD -MP -MF"src/OSExpl.d" -MT"src/OSExpl.d" -o "src/OSExpl.o" "../src/OSExpl.c"
../src/OSExpl.c: In function 'Cam1RdyIntrHandler':
../src/OSExpl.c:326:5: warning: passing argument 2 of 'memcpy' makes pointer from integer without a cast [enabled by default]
     2048);
     ^
In file included from /opt/Xilinx/SDK/2014.4/gnu/arm/lin/arm-xilinx-eabi/include/stdint.h:12:0,
                 from /opt/Xilinx/SDK/2014.4/gnu/arm/lin/lib/gcc/arm-xilinx-eabi/4.8.3/include/stdint.h:9,
                 from ../../standalone_bsp_0/ps7_cortexa9_0/include/xil_types.h:55,
                 from ../../standalone_bsp_0/ps7_cortexa9_0/include/xbram.h:122,
                 from ../src/OSExpl.c:56:
/opt/Xilinx/SDK/2014.4/gnu/arm/lin/arm-xilinx-eabi/include/string.h:23:8: note: expected 'const void *' but argument is of type 'u32'
 _PTR   _EXFUN(memcpy,(_PTR, const _PTR, size_t));
        ^
../src/OSExpl.c: In function 'Cam1DhuIntrHandler':
../src/OSExpl.c:359:2: warning: dereferencing type-punned pointer will break strict-aliasing rules [-Wstrict-aliasing]
  if ((((DHUCamControl_bits *)&iTmp)->ENABLE_ALL) &&
  ^
../src/OSExpl.c: At top level:
../src/OSExpl.c:116:21: warning: 'server_netif' defined but not used [-Wunused-variable]
 static struct netif server_netif;
                     ^
Finished building: ../src/OSExpl.c
 
Building file: ../src/dhu.c
Invoking: ARM gcc compiler
arm-xilinx-eabi-gcc -Wall -O2 -c -fmessage-length=0 -MT"src/dhu.o" -I../../standalone_bsp_0/ps7_cortexa9_0/include -MMD -MP -MF"src/dhu.d" -MT"src/dhu.d" -o "src/dhu.o" "../src/dhu.c"
Finished building: ../src/dhu.c
 
Building file: ../src/fpe.c
Invoking: ARM gcc compiler
arm-xilinx-eabi-gcc -Wall -O2 -c -fmessage-length=0 -MT"src/fpe.o" -I../../standalone_bsp_0/ps7_cortexa9_0/include -MMD -MP -MF"src/fpe.d" -MT"src/fpe.d" -o "src/fpe.o" "../src/fpe.c"
../src/fpe.c: In function 'FpeLoadHK':
../src/fpe.c:192:3: warning: dereferencing type-punned pointer will break strict-aliasing rules [-Wstrict-aliasing]
   if (((DHUCamControl_bits *)&x)->ENABLE_ALL == 1)
   ^
../src/fpe.c: In function 'FpeLoadProg':
../src/fpe.c:259:3: warning: dereferencing type-punned pointer will break strict-aliasing rules [-Wstrict-aliasing]
   if (((DHUCamControl_bits *)&x)->ENABLE_ALL == 1)
   ^
../src/fpe.c: In function 'FpeLoadClv':
../src/fpe.c:313:2: warning: dereferencing type-punned pointer will break strict-aliasing rules [-Wstrict-aliasing]
  if (((DHUCamControl_bits *)&x)->ENABLE_ALL == 1)
  ^
../src/fpe.c: In function 'FpeLoadSeq':
../src/fpe.c:369:2: warning: dereferencing type-punned pointer will break strict-aliasing rules [-Wstrict-aliasing]
  if (((DHUCamControl_bits *)&x)->ENABLE_ALL == 1)
  ^
../src/fpe.c: In function 'FpeLoadReg':
../src/fpe.c:480:2: warning: dereferencing type-punned pointer will break strict-aliasing rules [-Wstrict-aliasing]
  if (((DHUCamControl_bits *)&x)->ENABLE_ALL == 1)
  ^
Finished building: ../src/fpe.c
 
Building file: ../src/fpeinit.c
Invoking: ARM gcc compiler
arm-xilinx-eabi-gcc -Wall -O2 -c -fmessage-length=0 -MT"src/fpeinit.o" -I../../standalone_bsp_0/ps7_cortexa9_0/include -MMD -MP -MF"src/fpeinit.d" -MT"src/fpeinit.d" -o "src/fpeinit.o" "../src/fpeinit.c"
../src/fpeinit.c: In function 'xferFpeBuff':
../src/fpeinit.c:89:2: warning: dereferencing type-punned pointer will break strict-aliasing rules [-Wstrict-aliasing]
  if (((DHUCamControl_bits *)&x)->ENABLE_ALL == 0)
  ^
Finished building: ../src/fpeinit.c
 
Building file: ../src/ip_utils.c
Invoking: ARM gcc compiler
arm-xilinx-eabi-gcc -Wall -O2 -c -fmessage-length=0 -MT"src/ip_utils.o" -I../../standalone_bsp_0/ps7_cortexa9_0/include -MMD -MP -MF"src/ip_utils.d" -MT"src/ip_utils.d" -o "src/ip_utils.o" "../src/ip_utils.c"
Finished building: ../src/ip_utils.c
 
Building file: ../src/platform.c
Invoking: ARM gcc compiler
arm-xilinx-eabi-gcc -Wall -O2 -c -fmessage-length=0 -MT"src/platform.o" -I../../standalone_bsp_0/ps7_cortexa9_0/include -MMD -MP -MF"src/platform.d" -MT"src/platform.d" -o "src/platform.o" "../src/platform.c"
Finished building: ../src/platform.c
 
Building file: ../src/platform_zynq.c
Invoking: ARM gcc compiler
arm-xilinx-eabi-gcc -Wall -O2 -c -fmessage-length=0 -MT"src/platform_zynq.o" -I../../standalone_bsp_0/ps7_cortexa9_0/include -MMD -MP -MF"src/platform_zynq.d" -MT"src/platform_zynq.d" -o "src/platform_zynq.o" "../src/platform_zynq.c"
Finished building: ../src/platform_zynq.c
 
Building file: ../src/server.c
Invoking: ARM gcc compiler
arm-xilinx-eabi-gcc -Wall -O2 -c -fmessage-length=0 -MT"src/server.o" -I../../standalone_bsp_0/ps7_cortexa9_0/include -MMD -MP -MF"src/server.d" -MT"src/server.d" -o "src/server.o" "../src/server.c"
../src/server.c: In function 'udp_cmd_callback':
../src/server.c:268:11: warning: unused variable 'i' [-Wunused-variable]
   u16_t   i;
           ^
../src/server.c:266:13: warning: unused variable 'cam_data' [-Wunused-variable]
   uint8_t   cam_data[ DATA_BYTES ];
             ^
../src/server.c: In function 'start_application':
../src/server.c:345:2: warning: passing argument 2 of 'udp_recv' from incompatible pointer type [enabled by default]
  udp_recv(cmd_pcb_ptr, udp_cmd_callback, NULL);
  ^
In file included from ../src/server.c:52:0:
../../standalone_bsp_0/ps7_cortexa9_0/include/lwip/udp.h:130:18: note: expected 'udp_recv_fn' but argument is of type 'err_t (*)(void *, struct udp_pcb *, struct pbuf *, struct ip_addr *, u16_t)'
 void             udp_recv       (struct udp_pcb *pcb, udp_recv_fn recv,
                  ^
Finished building: ../src/server.c
 
Building target: OSExpl.elf
Invoking: ARM gcc linker
arm-xilinx-eabi-gcc -Wl,-T -Wl,../src/lscript.ld -L../../standalone_bsp_0/ps7_cortexa9_0/lib -o "OSExpl.elf"  ./src/OSExpl.o ./src/dhu.o ./src/fpe.o ./src/fpeinit.o ./src/ip_utils.o ./src/platform.o ./src/platform_zynq.o ./src/server.o   -Wl,--start-group,-lxil,-lgcc,-lc,--end-group -Wl,--start-group,-lxil,-llwip4,-lgcc,-lc,--end-group
Finished building target: OSExpl.elf
 
Invoking: ARM Print Size
arm-xilinx-eabi-size OSExpl.elf  |tee "OSExpl.elf.size"
   text	   data	    bss	    dec	    hex	filename
2477288	   4112	269126092	271607492	103066c4	OSExpl.elf
Finished building: OSExpl.elf.size
 
10:29:13 **** Auto Build of configuration Release for project OSExpl ****
make all 
Building file: ../src/OSExpl.c
Invoking: ARM gcc compiler
arm-xilinx-eabi-gcc -Wall -O2 -c -fmessage-length=0 -MT"src/OSExpl.o" -I../../standalone_bsp_0/ps7_cortexa9_0/include -MMD -MP -MF"src/OSExpl.d" -MT"src/OSExpl.d" -o "src/OSExpl.o" "../src/OSExpl.c"
../src/OSExpl.c: In function 'Cam1RdyIntrHandler':
../src/OSExpl.c:326:5: warning: passing argument 2 of 'memcpy' makes pointer from integer without a cast [enabled by default]
     2048);
     ^
In file included from /opt/Xilinx/SDK/2014.4/gnu/arm/lin/arm-xilinx-eabi/include/stdint.h:12:0,
                 from /opt/Xilinx/SDK/2014.4/gnu/arm/lin/lib/gcc/arm-xilinx-eabi/4.8.3/include/stdint.h:9,
                 from ../../standalone_bsp_0/ps7_cortexa9_0/include/xil_types.h:55,
                 from ../../standalone_bsp_0/ps7_cortexa9_0/include/xbram.h:122,
                 from ../src/OSExpl.c:56:
/opt/Xilinx/SDK/2014.4/gnu/arm/lin/arm-xilinx-eabi/include/string.h:23:8: note: expected 'const void *' but argument is of type 'u32'
 _PTR   _EXFUN(memcpy,(_PTR, const _PTR, size_t));
        ^
../src/OSExpl.c: In function 'Cam1DhuIntrHandler':
../src/OSExpl.c:359:2: warning: dereferencing type-punned pointer will break strict-aliasing rules [-Wstrict-aliasing]
  if ((((DHUCamControl_bits *)&iTmp)->ENABLE_ALL) &&
  ^
../src/OSExpl.c: At top level:
../src/OSExpl.c:116:21: warning: 'server_netif' defined but not used [-Wunused-variable]
 static struct netif server_netif;
                     ^
Finished building: ../src/OSExpl.c
 
Building file: ../src/fpeinit.c
Invoking: ARM gcc compiler
arm-xilinx-eabi-gcc -Wall -O2 -c -fmessage-length=0 -MT"src/fpeinit.o" -I../../standalone_bsp_0/ps7_cortexa9_0/include -MMD -MP -MF"src/fpeinit.d" -MT"src/fpeinit.d" -o "src/fpeinit.o" "../src/fpeinit.c"
../src/fpeinit.c: In function 'xferFpeBuff':
../src/fpeinit.c:89:2: warning: dereferencing type-punned pointer will break strict-aliasing rules [-Wstrict-aliasing]
  if (((DHUCamControl_bits *)&x)->ENABLE_ALL == 0)
  ^
Finished building: ../src/fpeinit.c
 
Building target: OSExpl.elf
Invoking: ARM gcc linker
arm-xilinx-eabi-gcc -Wl,-T -Wl,../src/lscript.ld -L../../standalone_bsp_0/ps7_cortexa9_0/lib -o "OSExpl.elf"  ./src/OSExpl.o ./src/dhu.o ./src/fpe.o ./src/fpeinit.o ./src/ip_utils.o ./src/platform.o ./src/platform_zynq.o ./src/server.o   -Wl,--start-group,-lxil,-lgcc,-lc,--end-group -Wl,--start-group,-lxil,-llwip4,-lgcc,-lc,--end-group
Finished building target: OSExpl.elf
 
Invoking: ARM Print Size
arm-xilinx-eabi-size OSExpl.elf  |tee "OSExpl.elf.size"
   text	   data	    bss	    dec	    hex	filename
2477268	   4112	269126092	271607472	103066b0	OSExpl.elf
Finished building: OSExpl.elf.size
 
10:31:58 **** Auto Build of configuration Release for project OSExpl ****
make all 
Building file: ../src/OSExpl.c
Invoking: ARM gcc compiler
arm-xilinx-eabi-gcc -Wall -O2 -c -fmessage-length=0 -MT"src/OSExpl.o" -I../../standalone_bsp_0/ps7_cortexa9_0/include -MMD -MP -MF"src/OSExpl.d" -MT"src/OSExpl.d" -o "src/OSExpl.o" "../src/OSExpl.c"
../src/OSExpl.c: In function 'Cam1RdyIntrHandler':
../src/OSExpl.c:326:5: warning: passing argument 2 of 'memcpy' makes pointer from integer without a cast [enabled by default]
     2048);
     ^
In file included from /opt/Xilinx/SDK/2014.4/gnu/arm/lin/arm-xilinx-eabi/include/stdint.h:12:0,
                 from /opt/Xilinx/SDK/2014.4/gnu/arm/lin/lib/gcc/arm-xilinx-eabi/4.8.3/include/stdint.h:9,
                 from ../../standalone_bsp_0/ps7_cortexa9_0/include/xil_types.h:55,
                 from ../../standalone_bsp_0/ps7_cortexa9_0/include/xbram.h:122,
                 from ../src/OSExpl.c:56:
/opt/Xilinx/SDK/2014.4/gnu/arm/lin/arm-xilinx-eabi/include/string.h:23:8: note: expected 'const void *' but argument is of type 'u32'
 _PTR   _EXFUN(memcpy,(_PTR, const _PTR, size_t));
        ^
../src/OSExpl.c: In function 'Cam1DhuIntrHandler':
../src/OSExpl.c:359:2: warning: dereferencing type-punned pointer will break strict-aliasing rules [-Wstrict-aliasing]
  if ((((DHUCamControl_bits *)&iTmp)->ENABLE_ALL) &&
  ^
../src/OSExpl.c: At top level:
../src/OSExpl.c:116:21: warning: 'server_netif' defined but not used [-Wunused-variable]
 static struct netif server_netif;
                     ^
Finished building: ../src/OSExpl.c
 
Building target: OSExpl.elf
Invoking: ARM gcc linker
arm-xilinx-eabi-gcc -Wl,-T -Wl,../src/lscript.ld -L../../standalone_bsp_0/ps7_cortexa9_0/lib -o "OSExpl.elf"  ./src/OSExpl.o ./src/dhu.o ./src/fpe.o ./src/fpeinit.o ./src/ip_utils.o ./src/platform.o ./src/platform_zynq.o ./src/server.o   -Wl,--start-group,-lxil,-lgcc,-lc,--end-group -Wl,--start-group,-lxil,-llwip4,-lgcc,-lc,--end-group
Finished building target: OSExpl.elf
 
Invoking: ARM Print Size
arm-xilinx-eabi-size OSExpl.elf  |tee "OSExpl.elf.size"
   text	   data	    bss	    dec	    hex	filename
2477272	   4112	269126092	271607476	103066b4	OSExpl.elf
Finished building: OSExpl.elf.size
 
10:46:47 **** Incremental Build of configuration Release for project OSExpl ****
make all 
make: Nothing to be done for `all'.
12:39:27 **** Build of project standalone_bsp_0 ****
make -k all 
Running Make include in ps7_cortexa9_0/libsrc/bram_v4_0/src
make -C ps7_cortexa9_0/libsrc/bram_v4_0/src -s include  "SHELL=/bin/sh" "COMPILER=arm-xilinx-eabi-gcc" "ARCHIVER=arm-xilinx-eabi-ar" "COMPILER_FLAGS=  -O2 -c" "EXTRA_COMPILER_FLAGS=-g"
Running Make include in ps7_cortexa9_0/libsrc/canps_v2_1/src
make -C ps7_cortexa9_0/libsrc/canps_v2_1/src -s include  "SHELL=/bin/sh" "COMPILER=arm-xilinx-eabi-gcc" "ARCHIVER=arm-xilinx-eabi-ar" "COMPILER_FLAGS=  -O2 -c" "EXTRA_COMPILER_FLAGS=-g"
Running Make include in ps7_cortexa9_0/libsrc/cpu_cortexa9_v2_1/src
make -C ps7_cortexa9_0/libsrc/cpu_cortexa9_v2_1/src -s include  "SHELL=/bin/sh" "COMPILER=arm-xilinx-eabi-gcc" "ARCHIVER=arm-xilinx-eabi-ar" "COMPILER_FLAGS=  -O2 -c" "EXTRA_COMPILER_FLAGS=-g"
Running Make include in ps7_cortexa9_0/libsrc/devcfg_v3_2/src
make -C ps7_cortexa9_0/libsrc/devcfg_v3_2/src -s include  "SHELL=/bin/sh" "COMPILER=arm-xilinx-eabi-gcc" "ARCHIVER=arm-xilinx-eabi-ar" "COMPILER_FLAGS=  -O2 -c" "EXTRA_COMPILER_FLAGS=-g"
Running Make include in ps7_cortexa9_0/libsrc/dmaps_v2_1/src
make -C ps7_cortexa9_0/libsrc/dmaps_v2_1/src -s include  "SHELL=/bin/sh" "COMPILER=arm-xilinx-eabi-gcc" "ARCHIVER=arm-xilinx-eabi-ar" "COMPILER_FLAGS=  -O2 -c" "EXTRA_COMPILER_FLAGS=-g"
Running Make include in ps7_cortexa9_0/libsrc/emacps_v2_2/src
make -C ps7_cortexa9_0/libsrc/emacps_v2_2/src -s include  "SHELL=/bin/sh" "COMPILER=arm-xilinx-eabi-gcc" "ARCHIVER=arm-xilinx-eabi-ar" "COMPILER_FLAGS=  -O2 -c" "EXTRA_COMPILER_FLAGS=-g"
Running Make include in ps7_cortexa9_0/libsrc/gpiops_v2_2/src
make -C ps7_cortexa9_0/libsrc/gpiops_v2_2/src -s include  "SHELL=/bin/sh" "COMPILER=arm-xilinx-eabi-gcc" "ARCHIVER=arm-xilinx-eabi-ar" "COMPILER_FLAGS=  -O2 -c" "EXTRA_COMPILER_FLAGS=-g"
Running Make include in ps7_cortexa9_0/libsrc/iicps_v2_3/src
make -C ps7_cortexa9_0/libsrc/iicps_v2_3/src -s include  "SHELL=/bin/sh" "COMPILER=arm-xilinx-eabi-gcc" "ARCHIVER=arm-xilinx-eabi-ar" "COMPILER_FLAGS=  -O2 -c" "EXTRA_COMPILER_FLAGS=-g"
Running Make include in ps7_cortexa9_0/libsrc/lwip140_v2_3/src
make -C ps7_cortexa9_0/libsrc/lwip140_v2_3/src -s include  "SHELL=/bin/sh" "COMPILER=arm-xilinx-eabi-gcc" "ARCHIVER=arm-xilinx-eabi-ar" "COMPILER_FLAGS=  -O2 -c" "EXTRA_COMPILER_FLAGS=-g"
Running Make include in ps7_cortexa9_0/libsrc/qspips_v3_1/src
make -C ps7_cortexa9_0/libsrc/qspips_v3_1/src -s include  "SHELL=/bin/sh" "COMPILER=arm-xilinx-eabi-gcc" "ARCHIVER=arm-xilinx-eabi-ar" "COMPILER_FLAGS=  -O2 -c" "EXTRA_COMPILER_FLAGS=-g"
Running Make include in ps7_cortexa9_0/libsrc/scugic_v2_1/src
make -C ps7_cortexa9_0/libsrc/scugic_v2_1/src -s include  "SHELL=/bin/sh" "COMPILER=arm-xilinx-eabi-gcc" "ARCHIVER=arm-xilinx-eabi-ar" "COMPILER_FLAGS=  -O2 -c" "EXTRA_COMPILER_FLAGS=-g"
Running Make include in ps7_cortexa9_0/libsrc/scutimer_v2_0/src
make -C ps7_cortexa9_0/libsrc/scutimer_v2_0/src -s include  "SHELL=/bin/sh" "COMPILER=arm-xilinx-eabi-gcc" "ARCHIVER=arm-xilinx-eabi-ar" "COMPILER_FLAGS=  -O2 -c" "EXTRA_COMPILER_FLAGS=-g"
Running Make include in ps7_cortexa9_0/libsrc/scuwdt_v2_0/src
make -C ps7_cortexa9_0/libsrc/scuwdt_v2_0/src -s include  "SHELL=/bin/sh" "COMPILER=arm-xilinx-eabi-gcc" "ARCHIVER=arm-xilinx-eabi-ar" "COMPILER_FLAGS=  -O2 -c" "EXTRA_COMPILER_FLAGS=-g"
Running Make include in ps7_cortexa9_0/libsrc/sdps_v2_3/src
make -C ps7_cortexa9_0/libsrc/sdps_v2_3/src -s include  "SHELL=/bin/sh" "COMPILER=arm-xilinx-eabi-gcc" "ARCHIVER=arm-xilinx-eabi-ar" "COMPILER_FLAGS=  -O2 -c" "EXTRA_COMPILER_FLAGS=-g"
Running Make include in ps7_cortexa9_0/libsrc/standalone_v4_2/src
make -C ps7_cortexa9_0/libsrc/standalone_v4_2/src -s include  "SHELL=/bin/sh" "COMPILER=arm-xilinx-eabi-gcc" "ARCHIVER=arm-xilinx-eabi-ar" "COMPILER_FLAGS=  -O2 -c" "EXTRA_COMPILER_FLAGS=-g"
Running Make include in ps7_cortexa9_0/libsrc/ttcps_v2_0/src
make -C ps7_cortexa9_0/libsrc/ttcps_v2_0/src -s include  "SHELL=/bin/sh" "COMPILER=arm-xilinx-eabi-gcc" "ARCHIVER=arm-xilinx-eabi-ar" "COMPILER_FLAGS=  -O2 -c" "EXTRA_COMPILER_FLAGS=-g"
Running Make include in ps7_cortexa9_0/libsrc/uartps_v2_2/src
make -C ps7_cortexa9_0/libsrc/uartps_v2_2/src -s include  "SHELL=/bin/sh" "COMPILER=arm-xilinx-eabi-gcc" "ARCHIVER=arm-xilinx-eabi-ar" "COMPILER_FLAGS=  -O2 -c" "EXTRA_COMPILER_FLAGS=-g"
Running Make include in ps7_cortexa9_0/libsrc/usbps_v2_2/src
make -C ps7_cortexa9_0/libsrc/usbps_v2_2/src -s include  "SHELL=/bin/sh" "COMPILER=arm-xilinx-eabi-gcc" "ARCHIVER=arm-xilinx-eabi-ar" "COMPILER_FLAGS=  -O2 -c" "EXTRA_COMPILER_FLAGS=-g"
Running Make include in ps7_cortexa9_0/libsrc/xadcps_v2_1/src
make -C ps7_cortexa9_0/libsrc/xadcps_v2_1/src -s include  "SHELL=/bin/sh" "COMPILER=arm-xilinx-eabi-gcc" "ARCHIVER=arm-xilinx-eabi-ar" "COMPILER_FLAGS=  -O2 -c" "EXTRA_COMPILER_FLAGS=-g"
Running Make libs in ps7_cortexa9_0/libsrc/bram_v4_0/src
make -C ps7_cortexa9_0/libsrc/bram_v4_0/src -s libs  "SHELL=/bin/sh" "COMPILER=arm-xilinx-eabi-gcc" "ARCHIVER=arm-xilinx-eabi-ar" "COMPILER_FLAGS=  -O2 -c" "EXTRA_COMPILER_FLAGS=-g"
Compiling bram
Running Make libs in ps7_cortexa9_0/libsrc/canps_v2_1/src
make -C ps7_cortexa9_0/libsrc/canps_v2_1/src -s libs  "SHELL=/bin/sh" "COMPILER=arm-xilinx-eabi-gcc" "ARCHIVER=arm-xilinx-eabi-ar" "COMPILER_FLAGS=  -O2 -c" "EXTRA_COMPILER_FLAGS=-g"
Compiling canps
Running Make libs in ps7_cortexa9_0/libsrc/cpu_cortexa9_v2_1/src
make -C ps7_cortexa9_0/libsrc/cpu_cortexa9_v2_1/src -s libs  "SHELL=/bin/sh" "COMPILER=arm-xilinx-eabi-gcc" "ARCHIVER=arm-xilinx-eabi-ar" "COMPILER_FLAGS=  -O2 -c" "EXTRA_COMPILER_FLAGS=-g"
Compiling cpu_cortexa9
Running Make libs in ps7_cortexa9_0/libsrc/devcfg_v3_2/src
make -C ps7_cortexa9_0/libsrc/devcfg_v3_2/src -s libs  "SHELL=/bin/sh" "COMPILER=arm-xilinx-eabi-gcc" "ARCHIVER=arm-xilinx-eabi-ar" "COMPILER_FLAGS=  -O2 -c" "EXTRA_COMPILER_FLAGS=-g"
Compiling devcfg
Running Make libs in ps7_cortexa9_0/libsrc/dmaps_v2_1/src
make -C ps7_cortexa9_0/libsrc/dmaps_v2_1/src -s libs  "SHELL=/bin/sh" "COMPILER=arm-xilinx-eabi-gcc" "ARCHIVER=arm-xilinx-eabi-ar" "COMPILER_FLAGS=  -O2 -c" "EXTRA_COMPILER_FLAGS=-g"
Compiling dmaps
Running Make libs in ps7_cortexa9_0/libsrc/emacps_v2_2/src
make -C ps7_cortexa9_0/libsrc/emacps_v2_2/src -s libs  "SHELL=/bin/sh" "COMPILER=arm-xilinx-eabi-gcc" "ARCHIVER=arm-xilinx-eabi-ar" "COMPILER_FLAGS=  -O2 -c" "EXTRA_COMPILER_FLAGS=-g"
Compiling emacps
Running Make libs in ps7_cortexa9_0/libsrc/gpiops_v2_2/src
make -C ps7_cortexa9_0/libsrc/gpiops_v2_2/src -s libs  "SHELL=/bin/sh" "COMPILER=arm-xilinx-eabi-gcc" "ARCHIVER=arm-xilinx-eabi-ar" "COMPILER_FLAGS=  -O2 -c" "EXTRA_COMPILER_FLAGS=-g"
Compiling gpiops
Running Make libs in ps7_cortexa9_0/libsrc/iicps_v2_3/src
make -C ps7_cortexa9_0/libsrc/iicps_v2_3/src -s libs  "SHELL=/bin/sh" "COMPILER=arm-xilinx-eabi-gcc" "ARCHIVER=arm-xilinx-eabi-ar" "COMPILER_FLAGS=  -O2 -c" "EXTRA_COMPILER_FLAGS=-g"
Compiling iicps
Running Make libs in ps7_cortexa9_0/libsrc/lwip140_v2_3/src
make -C ps7_cortexa9_0/libsrc/lwip140_v2_3/src -s libs  "SHELL=/bin/sh" "COMPILER=arm-xilinx-eabi-gcc" "ARCHIVER=arm-xilinx-eabi-ar" "COMPILER_FLAGS=  -O2 -c" "EXTRA_COMPILER_FLAGS=-g"
Compiling lwIP
Compiling lwIP adapter for Xilinx MAC
Creating archive liblwip4.a
clean target for lwip
Running Make libs in ps7_cortexa9_0/libsrc/qspips_v3_1/src
make -C ps7_cortexa9_0/libsrc/qspips_v3_1/src -s libs  "SHELL=/bin/sh" "COMPILER=arm-xilinx-eabi-gcc" "ARCHIVER=arm-xilinx-eabi-ar" "COMPILER_FLAGS=  -O2 -c" "EXTRA_COMPILER_FLAGS=-g"
Compiling qspips
Running Make libs in ps7_cortexa9_0/libsrc/scugic_v2_1/src
make -C ps7_cortexa9_0/libsrc/scugic_v2_1/src -s libs  "SHELL=/bin/sh" "COMPILER=arm-xilinx-eabi-gcc" "ARCHIVER=arm-xilinx-eabi-ar" "COMPILER_FLAGS=  -O2 -c" "EXTRA_COMPILER_FLAGS=-g"
Compiling scugic
Running Make libs in ps7_cortexa9_0/libsrc/scutimer_v2_0/src
make -C ps7_cortexa9_0/libsrc/scutimer_v2_0/src -s libs  "SHELL=/bin/sh" "COMPILER=arm-xilinx-eabi-gcc" "ARCHIVER=arm-xilinx-eabi-ar" "COMPILER_FLAGS=  -O2 -c" "EXTRA_COMPILER_FLAGS=-g"
Compiling scutimer
Running Make libs in ps7_cortexa9_0/libsrc/scuwdt_v2_0/src
make -C ps7_cortexa9_0/libsrc/scuwdt_v2_0/src -s libs  "SHELL=/bin/sh" "COMPILER=arm-xilinx-eabi-gcc" "ARCHIVER=arm-xilinx-eabi-ar" "COMPILER_FLAGS=  -O2 -c" "EXTRA_COMPILER_FLAGS=-g"
Compiling scuwdt
Running Make libs in ps7_cortexa9_0/libsrc/sdps_v2_3/src
make -C ps7_cortexa9_0/libsrc/sdps_v2_3/src -s libs  "SHELL=/bin/sh" "COMPILER=arm-xilinx-eabi-gcc" "ARCHIVER=arm-xilinx-eabi-ar" "COMPILER_FLAGS=  -O2 -c" "EXTRA_COMPILER_FLAGS=-g"
Compiling sdps
Running Make libs in ps7_cortexa9_0/libsrc/standalone_v4_2/src
make -C ps7_cortexa9_0/libsrc/standalone_v4_2/src -s libs  "SHELL=/bin/sh" "COMPILER=arm-xilinx-eabi-gcc" "ARCHIVER=arm-xilinx-eabi-ar" "COMPILER_FLAGS=  -O2 -c" "EXTRA_COMPILER_FLAGS=-g"
Compiling standalone
Running Make libs in ps7_cortexa9_0/libsrc/ttcps_v2_0/src
make -C ps7_cortexa9_0/libsrc/ttcps_v2_0/src -s libs  "SHELL=/bin/sh" "COMPILER=arm-xilinx-eabi-gcc" "ARCHIVER=arm-xilinx-eabi-ar" "COMPILER_FLAGS=  -O2 -c" "EXTRA_COMPILER_FLAGS=-g"
Compiling ttcps
Running Make libs in ps7_cortexa9_0/libsrc/uartps_v2_2/src
make -C ps7_cortexa9_0/libsrc/uartps_v2_2/src -s libs  "SHELL=/bin/sh" "COMPILER=arm-xilinx-eabi-gcc" "ARCHIVER=arm-xilinx-eabi-ar" "COMPILER_FLAGS=  -O2 -c" "EXTRA_COMPILER_FLAGS=-g"
Compiling uartps
Running Make libs in ps7_cortexa9_0/libsrc/usbps_v2_2/src
make -C ps7_cortexa9_0/libsrc/usbps_v2_2/src -s libs  "SHELL=/bin/sh" "COMPILER=arm-xilinx-eabi-gcc" "ARCHIVER=arm-xilinx-eabi-ar" "COMPILER_FLAGS=  -O2 -c" "EXTRA_COMPILER_FLAGS=-g"
Compiling usbps
Running Make libs in ps7_cortexa9_0/libsrc/xadcps_v2_1/src
make -C ps7_cortexa9_0/libsrc/xadcps_v2_1/src -s libs  "SHELL=/bin/sh" "COMPILER=arm-xilinx-eabi-gcc" "ARCHIVER=arm-xilinx-eabi-ar" "COMPILER_FLAGS=  -O2 -c" "EXTRA_COMPILER_FLAGS=-g"
Compiling xadcps
Finished building libraries
12:39:39 **** Clean-only build of configuration Release for project OSExpl ****
make clean 
rm -rf  ./src/OSExpl.o ./src/dhu.o ./src/fpe.o ./src/fpeinit.o ./src/ip_utils.o ./src/platform.o ./src/platform_zynq.o ./src/server.o  ./src/OSExpl.d ./src/dhu.d ./src/fpe.d ./src/fpeinit.d ./src/ip_utils.d ./src/platform.d ./src/platform_zynq.d ./src/server.d  OSExpl.elf.size  OSExpl.elf
 
12:39:39 **** Build of configuration Release for project OSExpl ****
make all 
Building file: ../src/OSExpl.c
Invoking: ARM gcc compiler
arm-xilinx-eabi-gcc -Wall -O2 -c -fmessage-length=0 -MT"src/OSExpl.o" -I../../standalone_bsp_0/ps7_cortexa9_0/include -MMD -MP -MF"src/OSExpl.d" -MT"src/OSExpl.d" -o "src/OSExpl.o" "../src/OSExpl.c"
../src/OSExpl.c: In function 'Cam1RdyIntrHandler':
../src/OSExpl.c:326:5: warning: passing argument 2 of 'memcpy' makes pointer from integer without a cast [enabled by default]
     2048);
     ^
In file included from /opt/Xilinx/SDK/2014.4/gnu/arm/lin/arm-xilinx-eabi/include/stdint.h:12:0,
                 from /opt/Xilinx/SDK/2014.4/gnu/arm/lin/lib/gcc/arm-xilinx-eabi/4.8.3/include/stdint.h:9,
                 from ../../standalone_bsp_0/ps7_cortexa9_0/include/xil_types.h:55,
                 from ../../standalone_bsp_0/ps7_cortexa9_0/include/xbram.h:122,
                 from ../src/OSExpl.c:56:
/opt/Xilinx/SDK/2014.4/gnu/arm/lin/arm-xilinx-eabi/include/string.h:23:8: note: expected 'const void *' but argument is of type 'u32'
 _PTR   _EXFUN(memcpy,(_PTR, const _PTR, size_t));
        ^
../src/OSExpl.c: In function 'Cam1DhuIntrHandler':
../src/OSExpl.c:359:2: warning: dereferencing type-punned pointer will break strict-aliasing rules [-Wstrict-aliasing]
  if ((((DHUCamControl_bits *)&iTmp)->ENABLE_ALL) &&
  ^
../src/OSExpl.c: At top level:
../src/OSExpl.c:116:21: warning: 'server_netif' defined but not used [-Wunused-variable]
 static struct netif server_netif;
                     ^
Finished building: ../src/OSExpl.c
 
Building file: ../src/dhu.c
Invoking: ARM gcc compiler
arm-xilinx-eabi-gcc -Wall -O2 -c -fmessage-length=0 -MT"src/dhu.o" -I../../standalone_bsp_0/ps7_cortexa9_0/include -MMD -MP -MF"src/dhu.d" -MT"src/dhu.d" -o "src/dhu.o" "../src/dhu.c"
Finished building: ../src/dhu.c
 
Building file: ../src/fpe.c
Invoking: ARM gcc compiler
arm-xilinx-eabi-gcc -Wall -O2 -c -fmessage-length=0 -MT"src/fpe.o" -I../../standalone_bsp_0/ps7_cortexa9_0/include -MMD -MP -MF"src/fpe.d" -MT"src/fpe.d" -o "src/fpe.o" "../src/fpe.c"
../src/fpe.c: In function 'FpeLoadHK':
../src/fpe.c:192:3: warning: dereferencing type-punned pointer will break strict-aliasing rules [-Wstrict-aliasing]
   if (((DHUCamControl_bits *)&x)->ENABLE_ALL == 1)
   ^
../src/fpe.c: In function 'FpeLoadProg':
../src/fpe.c:259:3: warning: dereferencing type-punned pointer will break strict-aliasing rules [-Wstrict-aliasing]
   if (((DHUCamControl_bits *)&x)->ENABLE_ALL == 1)
   ^
../src/fpe.c: In function 'FpeLoadClv':
../src/fpe.c:313:2: warning: dereferencing type-punned pointer will break strict-aliasing rules [-Wstrict-aliasing]
  if (((DHUCamControl_bits *)&x)->ENABLE_ALL == 1)
  ^
../src/fpe.c: In function 'FpeLoadSeq':
../src/fpe.c:369:2: warning: dereferencing type-punned pointer will break strict-aliasing rules [-Wstrict-aliasing]
  if (((DHUCamControl_bits *)&x)->ENABLE_ALL == 1)
  ^
../src/fpe.c: In function 'FpeLoadReg':
../src/fpe.c:480:2: warning: dereferencing type-punned pointer will break strict-aliasing rules [-Wstrict-aliasing]
  if (((DHUCamControl_bits *)&x)->ENABLE_ALL == 1)
  ^
Finished building: ../src/fpe.c
 
Building file: ../src/fpeinit.c
Invoking: ARM gcc compiler
arm-xilinx-eabi-gcc -Wall -O2 -c -fmessage-length=0 -MT"src/fpeinit.o" -I../../standalone_bsp_0/ps7_cortexa9_0/include -MMD -MP -MF"src/fpeinit.d" -MT"src/fpeinit.d" -o "src/fpeinit.o" "../src/fpeinit.c"
../src/fpeinit.c: In function 'xferFpeBuff':
../src/fpeinit.c:89:2: warning: dereferencing type-punned pointer will break strict-aliasing rules [-Wstrict-aliasing]
  if (((DHUCamControl_bits *)&x)->ENABLE_ALL == 0)
  ^
Finished building: ../src/fpeinit.c
 
Building file: ../src/ip_utils.c
Invoking: ARM gcc compiler
arm-xilinx-eabi-gcc -Wall -O2 -c -fmessage-length=0 -MT"src/ip_utils.o" -I../../standalone_bsp_0/ps7_cortexa9_0/include -MMD -MP -MF"src/ip_utils.d" -MT"src/ip_utils.d" -o "src/ip_utils.o" "../src/ip_utils.c"
Finished building: ../src/ip_utils.c
 
Building file: ../src/platform.c
Invoking: ARM gcc compiler
arm-xilinx-eabi-gcc -Wall -O2 -c -fmessage-length=0 -MT"src/platform.o" -I../../standalone_bsp_0/ps7_cortexa9_0/include -MMD -MP -MF"src/platform.d" -MT"src/platform.d" -o "src/platform.o" "../src/platform.c"
Finished building: ../src/platform.c
 
Building file: ../src/platform_zynq.c
Invoking: ARM gcc compiler
arm-xilinx-eabi-gcc -Wall -O2 -c -fmessage-length=0 -MT"src/platform_zynq.o" -I../../standalone_bsp_0/ps7_cortexa9_0/include -MMD -MP -MF"src/platform_zynq.d" -MT"src/platform_zynq.d" -o "src/platform_zynq.o" "../src/platform_zynq.c"
Finished building: ../src/platform_zynq.c
 
Building file: ../src/server.c
Invoking: ARM gcc compiler
arm-xilinx-eabi-gcc -Wall -O2 -c -fmessage-length=0 -MT"src/server.o" -I../../standalone_bsp_0/ps7_cortexa9_0/include -MMD -MP -MF"src/server.d" -MT"src/server.d" -o "src/server.o" "../src/server.c"
../src/server.c: In function 'udp_cmd_callback':
../src/server.c:268:11: warning: unused variable 'i' [-Wunused-variable]
   u16_t   i;
           ^
../src/server.c:266:13: warning: unused variable 'cam_data' [-Wunused-variable]
   uint8_t   cam_data[ DATA_BYTES ];
             ^
../src/server.c: In function 'start_application':
../src/server.c:345:2: warning: passing argument 2 of 'udp_recv' from incompatible pointer type [enabled by default]
  udp_recv(cmd_pcb_ptr, udp_cmd_callback, NULL);
  ^
In file included from ../src/server.c:52:0:
../../standalone_bsp_0/ps7_cortexa9_0/include/lwip/udp.h:130:18: note: expected 'udp_recv_fn' but argument is of type 'err_t (*)(void *, struct udp_pcb *, struct pbuf *, struct ip_addr *, u16_t)'
 void             udp_recv       (struct udp_pcb *pcb, udp_recv_fn recv,
                  ^
Finished building: ../src/server.c
 
Building target: OSExpl.elf
Invoking: ARM gcc linker
arm-xilinx-eabi-gcc -Wl,-T -Wl,../src/lscript.ld -L../../standalone_bsp_0/ps7_cortexa9_0/lib -o "OSExpl.elf"  ./src/OSExpl.o ./src/dhu.o ./src/fpe.o ./src/fpeinit.o ./src/ip_utils.o ./src/platform.o ./src/platform_zynq.o ./src/server.o   -Wl,--start-group,-lxil,-lgcc,-lc,--end-group -Wl,--start-group,-lxil,-llwip4,-lgcc,-lc,--end-group
Finished building target: OSExpl.elf
 
Invoking: ARM Print Size
arm-xilinx-eabi-size OSExpl.elf  |tee "OSExpl.elf.size"
   text	   data	    bss	    dec	    hex	filename
2477272	   4112	269126092	271607476	103066b4	OSExpl.elf
Finished building: OSExpl.elf.size
 
13:55:51 **** Build of project standalone_bsp_0 ****
make -k all 
Running Make include in ps7_cortexa9_0/libsrc/bram_v4_0/src
make -C ps7_cortexa9_0/libsrc/bram_v4_0/src -s include  "SHELL=/bin/sh" "COMPILER=arm-xilinx-eabi-gcc" "ARCHIVER=arm-xilinx-eabi-ar" "COMPILER_FLAGS=  -O2 -c" "EXTRA_COMPILER_FLAGS=-g"
Running Make include in ps7_cortexa9_0/libsrc/canps_v2_1/src
make -C ps7_cortexa9_0/libsrc/canps_v2_1/src -s include  "SHELL=/bin/sh" "COMPILER=arm-xilinx-eabi-gcc" "ARCHIVER=arm-xilinx-eabi-ar" "COMPILER_FLAGS=  -O2 -c" "EXTRA_COMPILER_FLAGS=-g"
Running Make include in ps7_cortexa9_0/libsrc/cpu_cortexa9_v2_1/src
make -C ps7_cortexa9_0/libsrc/cpu_cortexa9_v2_1/src -s include  "SHELL=/bin/sh" "COMPILER=arm-xilinx-eabi-gcc" "ARCHIVER=arm-xilinx-eabi-ar" "COMPILER_FLAGS=  -O2 -c" "EXTRA_COMPILER_FLAGS=-g"
Running Make include in ps7_cortexa9_0/libsrc/devcfg_v3_2/src
make -C ps7_cortexa9_0/libsrc/devcfg_v3_2/src -s include  "SHELL=/bin/sh" "COMPILER=arm-xilinx-eabi-gcc" "ARCHIVER=arm-xilinx-eabi-ar" "COMPILER_FLAGS=  -O2 -c" "EXTRA_COMPILER_FLAGS=-g"
Running Make include in ps7_cortexa9_0/libsrc/dmaps_v2_1/src
make -C ps7_cortexa9_0/libsrc/dmaps_v2_1/src -s include  "SHELL=/bin/sh" "COMPILER=arm-xilinx-eabi-gcc" "ARCHIVER=arm-xilinx-eabi-ar" "COMPILER_FLAGS=  -O2 -c" "EXTRA_COMPILER_FLAGS=-g"
Running Make include in ps7_cortexa9_0/libsrc/emacps_v2_2/src
make -C ps7_cortexa9_0/libsrc/emacps_v2_2/src -s include  "SHELL=/bin/sh" "COMPILER=arm-xilinx-eabi-gcc" "ARCHIVER=arm-xilinx-eabi-ar" "COMPILER_FLAGS=  -O2 -c" "EXTRA_COMPILER_FLAGS=-g"
Running Make include in ps7_cortexa9_0/libsrc/gpiops_v2_2/src
make -C ps7_cortexa9_0/libsrc/gpiops_v2_2/src -s include  "SHELL=/bin/sh" "COMPILER=arm-xilinx-eabi-gcc" "ARCHIVER=arm-xilinx-eabi-ar" "COMPILER_FLAGS=  -O2 -c" "EXTRA_COMPILER_FLAGS=-g"
Running Make include in ps7_cortexa9_0/libsrc/iicps_v2_3/src
make -C ps7_cortexa9_0/libsrc/iicps_v2_3/src -s include  "SHELL=/bin/sh" "COMPILER=arm-xilinx-eabi-gcc" "ARCHIVER=arm-xilinx-eabi-ar" "COMPILER_FLAGS=  -O2 -c" "EXTRA_COMPILER_FLAGS=-g"
Running Make include in ps7_cortexa9_0/libsrc/lwip140_v2_3/src
make -C ps7_cortexa9_0/libsrc/lwip140_v2_3/src -s include  "SHELL=/bin/sh" "COMPILER=arm-xilinx-eabi-gcc" "ARCHIVER=arm-xilinx-eabi-ar" "COMPILER_FLAGS=  -O2 -c" "EXTRA_COMPILER_FLAGS=-g"
Running Make include in ps7_cortexa9_0/libsrc/qspips_v3_1/src
make -C ps7_cortexa9_0/libsrc/qspips_v3_1/src -s include  "SHELL=/bin/sh" "COMPILER=arm-xilinx-eabi-gcc" "ARCHIVER=arm-xilinx-eabi-ar" "COMPILER_FLAGS=  -O2 -c" "EXTRA_COMPILER_FLAGS=-g"
Running Make include in ps7_cortexa9_0/libsrc/scugic_v2_1/src
make -C ps7_cortexa9_0/libsrc/scugic_v2_1/src -s include  "SHELL=/bin/sh" "COMPILER=arm-xilinx-eabi-gcc" "ARCHIVER=arm-xilinx-eabi-ar" "COMPILER_FLAGS=  -O2 -c" "EXTRA_COMPILER_FLAGS=-g"
Running Make include in ps7_cortexa9_0/libsrc/scutimer_v2_0/src
make -C ps7_cortexa9_0/libsrc/scutimer_v2_0/src -s include  "SHELL=/bin/sh" "COMPILER=arm-xilinx-eabi-gcc" "ARCHIVER=arm-xilinx-eabi-ar" "COMPILER_FLAGS=  -O2 -c" "EXTRA_COMPILER_FLAGS=-g"
Running Make include in ps7_cortexa9_0/libsrc/scuwdt_v2_0/src
make -C ps7_cortexa9_0/libsrc/scuwdt_v2_0/src -s include  "SHELL=/bin/sh" "COMPILER=arm-xilinx-eabi-gcc" "ARCHIVER=arm-xilinx-eabi-ar" "COMPILER_FLAGS=  -O2 -c" "EXTRA_COMPILER_FLAGS=-g"
Running Make include in ps7_cortexa9_0/libsrc/sdps_v2_3/src
make -C ps7_cortexa9_0/libsrc/sdps_v2_3/src -s include  "SHELL=/bin/sh" "COMPILER=arm-xilinx-eabi-gcc" "ARCHIVER=arm-xilinx-eabi-ar" "COMPILER_FLAGS=  -O2 -c" "EXTRA_COMPILER_FLAGS=-g"
Running Make include in ps7_cortexa9_0/libsrc/standalone_v4_2/src
make -C ps7_cortexa9_0/libsrc/standalone_v4_2/src -s include  "SHELL=/bin/sh" "COMPILER=arm-xilinx-eabi-gcc" "ARCHIVER=arm-xilinx-eabi-ar" "COMPILER_FLAGS=  -O2 -c" "EXTRA_COMPILER_FLAGS=-g"
Running Make include in ps7_cortexa9_0/libsrc/ttcps_v2_0/src
make -C ps7_cortexa9_0/libsrc/ttcps_v2_0/src -s include  "SHELL=/bin/sh" "COMPILER=arm-xilinx-eabi-gcc" "ARCHIVER=arm-xilinx-eabi-ar" "COMPILER_FLAGS=  -O2 -c" "EXTRA_COMPILER_FLAGS=-g"
Running Make include in ps7_cortexa9_0/libsrc/uartps_v2_2/src
make -C ps7_cortexa9_0/libsrc/uartps_v2_2/src -s include  "SHELL=/bin/sh" "COMPILER=arm-xilinx-eabi-gcc" "ARCHIVER=arm-xilinx-eabi-ar" "COMPILER_FLAGS=  -O2 -c" "EXTRA_COMPILER_FLAGS=-g"
Running Make include in ps7_cortexa9_0/libsrc/usbps_v2_2/src
make -C ps7_cortexa9_0/libsrc/usbps_v2_2/src -s include  "SHELL=/bin/sh" "COMPILER=arm-xilinx-eabi-gcc" "ARCHIVER=arm-xilinx-eabi-ar" "COMPILER_FLAGS=  -O2 -c" "EXTRA_COMPILER_FLAGS=-g"
Running Make include in ps7_cortexa9_0/libsrc/xadcps_v2_1/src
make -C ps7_cortexa9_0/libsrc/xadcps_v2_1/src -s include  "SHELL=/bin/sh" "COMPILER=arm-xilinx-eabi-gcc" "ARCHIVER=arm-xilinx-eabi-ar" "COMPILER_FLAGS=  -O2 -c" "EXTRA_COMPILER_FLAGS=-g"
Running Make libs in ps7_cortexa9_0/libsrc/bram_v4_0/src
make -C ps7_cortexa9_0/libsrc/bram_v4_0/src -s libs  "SHELL=/bin/sh" "COMPILER=arm-xilinx-eabi-gcc" "ARCHIVER=arm-xilinx-eabi-ar" "COMPILER_FLAGS=  -O2 -c" "EXTRA_COMPILER_FLAGS=-g"
Compiling bram
Running Make libs in ps7_cortexa9_0/libsrc/canps_v2_1/src
make -C ps7_cortexa9_0/libsrc/canps_v2_1/src -s libs  "SHELL=/bin/sh" "COMPILER=arm-xilinx-eabi-gcc" "ARCHIVER=arm-xilinx-eabi-ar" "COMPILER_FLAGS=  -O2 -c" "EXTRA_COMPILER_FLAGS=-g"
Compiling canps
Running Make libs in ps7_cortexa9_0/libsrc/cpu_cortexa9_v2_1/src
make -C ps7_cortexa9_0/libsrc/cpu_cortexa9_v2_1/src -s libs  "SHELL=/bin/sh" "COMPILER=arm-xilinx-eabi-gcc" "ARCHIVER=arm-xilinx-eabi-ar" "COMPILER_FLAGS=  -O2 -c" "EXTRA_COMPILER_FLAGS=-g"
Compiling cpu_cortexa9
Running Make libs in ps7_cortexa9_0/libsrc/devcfg_v3_2/src
make -C ps7_cortexa9_0/libsrc/devcfg_v3_2/src -s libs  "SHELL=/bin/sh" "COMPILER=arm-xilinx-eabi-gcc" "ARCHIVER=arm-xilinx-eabi-ar" "COMPILER_FLAGS=  -O2 -c" "EXTRA_COMPILER_FLAGS=-g"
Compiling devcfg
Running Make libs in ps7_cortexa9_0/libsrc/dmaps_v2_1/src
make -C ps7_cortexa9_0/libsrc/dmaps_v2_1/src -s libs  "SHELL=/bin/sh" "COMPILER=arm-xilinx-eabi-gcc" "ARCHIVER=arm-xilinx-eabi-ar" "COMPILER_FLAGS=  -O2 -c" "EXTRA_COMPILER_FLAGS=-g"
Compiling dmaps
Running Make libs in ps7_cortexa9_0/libsrc/emacps_v2_2/src
make -C ps7_cortexa9_0/libsrc/emacps_v2_2/src -s libs  "SHELL=/bin/sh" "COMPILER=arm-xilinx-eabi-gcc" "ARCHIVER=arm-xilinx-eabi-ar" "COMPILER_FLAGS=  -O2 -c" "EXTRA_COMPILER_FLAGS=-g"
Compiling emacps
Running Make libs in ps7_cortexa9_0/libsrc/gpiops_v2_2/src
make -C ps7_cortexa9_0/libsrc/gpiops_v2_2/src -s libs  "SHELL=/bin/sh" "COMPILER=arm-xilinx-eabi-gcc" "ARCHIVER=arm-xilinx-eabi-ar" "COMPILER_FLAGS=  -O2 -c" "EXTRA_COMPILER_FLAGS=-g"
Compiling gpiops
Running Make libs in ps7_cortexa9_0/libsrc/iicps_v2_3/src
make -C ps7_cortexa9_0/libsrc/iicps_v2_3/src -s libs  "SHELL=/bin/sh" "COMPILER=arm-xilinx-eabi-gcc" "ARCHIVER=arm-xilinx-eabi-ar" "COMPILER_FLAGS=  -O2 -c" "EXTRA_COMPILER_FLAGS=-g"
Compiling iicps
Running Make libs in ps7_cortexa9_0/libsrc/lwip140_v2_3/src
make -C ps7_cortexa9_0/libsrc/lwip140_v2_3/src -s libs  "SHELL=/bin/sh" "COMPILER=arm-xilinx-eabi-gcc" "ARCHIVER=arm-xilinx-eabi-ar" "COMPILER_FLAGS=  -O2 -c" "EXTRA_COMPILER_FLAGS=-g"
Compiling lwIP
Compiling lwIP adapter for Xilinx MAC
Creating archive liblwip4.a
clean target for lwip
Running Make libs in ps7_cortexa9_0/libsrc/qspips_v3_1/src
make -C ps7_cortexa9_0/libsrc/qspips_v3_1/src -s libs  "SHELL=/bin/sh" "COMPILER=arm-xilinx-eabi-gcc" "ARCHIVER=arm-xilinx-eabi-ar" "COMPILER_FLAGS=  -O2 -c" "EXTRA_COMPILER_FLAGS=-g"
Compiling qspips
Running Make libs in ps7_cortexa9_0/libsrc/scugic_v2_1/src
make -C ps7_cortexa9_0/libsrc/scugic_v2_1/src -s libs  "SHELL=/bin/sh" "COMPILER=arm-xilinx-eabi-gcc" "ARCHIVER=arm-xilinx-eabi-ar" "COMPILER_FLAGS=  -O2 -c" "EXTRA_COMPILER_FLAGS=-g"
Compiling scugic
Running Make libs in ps7_cortexa9_0/libsrc/scutimer_v2_0/src
make -C ps7_cortexa9_0/libsrc/scutimer_v2_0/src -s libs  "SHELL=/bin/sh" "COMPILER=arm-xilinx-eabi-gcc" "ARCHIVER=arm-xilinx-eabi-ar" "COMPILER_FLAGS=  -O2 -c" "EXTRA_COMPILER_FLAGS=-g"
Compiling scutimer
Running Make libs in ps7_cortexa9_0/libsrc/scuwdt_v2_0/src
make -C ps7_cortexa9_0/libsrc/scuwdt_v2_0/src -s libs  "SHELL=/bin/sh" "COMPILER=arm-xilinx-eabi-gcc" "ARCHIVER=arm-xilinx-eabi-ar" "COMPILER_FLAGS=  -O2 -c" "EXTRA_COMPILER_FLAGS=-g"
Compiling scuwdt
Running Make libs in ps7_cortexa9_0/libsrc/sdps_v2_3/src
make -C ps7_cortexa9_0/libsrc/sdps_v2_3/src -s libs  "SHELL=/bin/sh" "COMPILER=arm-xilinx-eabi-gcc" "ARCHIVER=arm-xilinx-eabi-ar" "COMPILER_FLAGS=  -O2 -c" "EXTRA_COMPILER_FLAGS=-g"
Compiling sdps
Running Make libs in ps7_cortexa9_0/libsrc/standalone_v4_2/src
make -C ps7_cortexa9_0/libsrc/standalone_v4_2/src -s libs  "SHELL=/bin/sh" "COMPILER=arm-xilinx-eabi-gcc" "ARCHIVER=arm-xilinx-eabi-ar" "COMPILER_FLAGS=  -O2 -c" "EXTRA_COMPILER_FLAGS=-g"
Compiling standalone
Running Make libs in ps7_cortexa9_0/libsrc/ttcps_v2_0/src
make -C ps7_cortexa9_0/libsrc/ttcps_v2_0/src -s libs  "SHELL=/bin/sh" "COMPILER=arm-xilinx-eabi-gcc" "ARCHIVER=arm-xilinx-eabi-ar" "COMPILER_FLAGS=  -O2 -c" "EXTRA_COMPILER_FLAGS=-g"
Compiling ttcps
Running Make libs in ps7_cortexa9_0/libsrc/uartps_v2_2/src
make -C ps7_cortexa9_0/libsrc/uartps_v2_2/src -s libs  "SHELL=/bin/sh" "COMPILER=arm-xilinx-eabi-gcc" "ARCHIVER=arm-xilinx-eabi-ar" "COMPILER_FLAGS=  -O2 -c" "EXTRA_COMPILER_FLAGS=-g"
Compiling uartps
Running Make libs in ps7_cortexa9_0/libsrc/usbps_v2_2/src
make -C ps7_cortexa9_0/libsrc/usbps_v2_2/src -s libs  "SHELL=/bin/sh" "COMPILER=arm-xilinx-eabi-gcc" "ARCHIVER=arm-xilinx-eabi-ar" "COMPILER_FLAGS=  -O2 -c" "EXTRA_COMPILER_FLAGS=-g"
Compiling usbps
Running Make libs in ps7_cortexa9_0/libsrc/xadcps_v2_1/src
make -C ps7_cortexa9_0/libsrc/xadcps_v2_1/src -s libs  "SHELL=/bin/sh" "COMPILER=arm-xilinx-eabi-gcc" "ARCHIVER=arm-xilinx-eabi-ar" "COMPILER_FLAGS=  -O2 -c" "EXTRA_COMPILER_FLAGS=-g"
Compiling xadcps
Finished building libraries
13:56:03 **** Build of configuration Release for project OSExpl ****
make all 
Building file: ../src/OSExpl.c
Invoking: ARM gcc compiler
arm-xilinx-eabi-gcc -Wall -O2 -c -fmessage-length=0 -MT"src/OSExpl.o" -I../../standalone_bsp_0/ps7_cortexa9_0/include -MMD -MP -MF"src/OSExpl.d" -MT"src/OSExpl.d" -o "src/OSExpl.o" "../src/OSExpl.c"
../src/OSExpl.c: In function 'Cam1RdyIntrHandler':
../src/OSExpl.c:326:5: warning: passing argument 2 of 'memcpy' makes pointer from integer without a cast [enabled by default]
     2048);
     ^
In file included from /opt/Xilinx/SDK/2014.4/gnu/arm/lin/arm-xilinx-eabi/include/stdint.h:12:0,
                 from /opt/Xilinx/SDK/2014.4/gnu/arm/lin/lib/gcc/arm-xilinx-eabi/4.8.3/include/stdint.h:9,
                 from ../../standalone_bsp_0/ps7_cortexa9_0/include/xil_types.h:55,
                 from ../../standalone_bsp_0/ps7_cortexa9_0/include/xbram.h:122,
                 from ../src/OSExpl.c:56:
/opt/Xilinx/SDK/2014.4/gnu/arm/lin/arm-xilinx-eabi/include/string.h:23:8: note: expected 'const void *' but argument is of type 'u32'
 _PTR   _EXFUN(memcpy,(_PTR, const _PTR, size_t));
        ^
../src/OSExpl.c: In function 'Cam1DhuIntrHandler':
../src/OSExpl.c:359:2: warning: dereferencing type-punned pointer will break strict-aliasing rules [-Wstrict-aliasing]
  if ((((DHUCamControl_bits *)&iTmp)->ENABLE_ALL) &&
  ^
../src/OSExpl.c: At top level:
../src/OSExpl.c:116:21: warning: 'server_netif' defined but not used [-Wunused-variable]
 static struct netif server_netif;
                     ^
Finished building: ../src/OSExpl.c
 
Building file: ../src/dhu.c
Invoking: ARM gcc compiler
arm-xilinx-eabi-gcc -Wall -O2 -c -fmessage-length=0 -MT"src/dhu.o" -I../../standalone_bsp_0/ps7_cortexa9_0/include -MMD -MP -MF"src/dhu.d" -MT"src/dhu.d" -o "src/dhu.o" "../src/dhu.c"
Finished building: ../src/dhu.c
 
Building file: ../src/fpe.c
Invoking: ARM gcc compiler
arm-xilinx-eabi-gcc -Wall -O2 -c -fmessage-length=0 -MT"src/fpe.o" -I../../standalone_bsp_0/ps7_cortexa9_0/include -MMD -MP -MF"src/fpe.d" -MT"src/fpe.d" -o "src/fpe.o" "../src/fpe.c"
../src/fpe.c: In function 'FpeLoadHK':
../src/fpe.c:192:3: warning: dereferencing type-punned pointer will break strict-aliasing rules [-Wstrict-aliasing]
   if (((DHUCamControl_bits *)&x)->ENABLE_ALL == 1)
   ^
../src/fpe.c: In function 'FpeLoadProg':
../src/fpe.c:259:3: warning: dereferencing type-punned pointer will break strict-aliasing rules [-Wstrict-aliasing]
   if (((DHUCamControl_bits *)&x)->ENABLE_ALL == 1)
   ^
../src/fpe.c: In function 'FpeLoadClv':
../src/fpe.c:313:2: warning: dereferencing type-punned pointer will break strict-aliasing rules [-Wstrict-aliasing]
  if (((DHUCamControl_bits *)&x)->ENABLE_ALL == 1)
  ^
../src/fpe.c: In function 'FpeLoadSeq':
../src/fpe.c:369:2: warning: dereferencing type-punned pointer will break strict-aliasing rules [-Wstrict-aliasing]
  if (((DHUCamControl_bits *)&x)->ENABLE_ALL == 1)
  ^
../src/fpe.c: In function 'FpeLoadReg':
../src/fpe.c:480:2: warning: dereferencing type-punned pointer will break strict-aliasing rules [-Wstrict-aliasing]
  if (((DHUCamControl_bits *)&x)->ENABLE_ALL == 1)
  ^
Finished building: ../src/fpe.c
 
Building file: ../src/fpeinit.c
Invoking: ARM gcc compiler
arm-xilinx-eabi-gcc -Wall -O2 -c -fmessage-length=0 -MT"src/fpeinit.o" -I../../standalone_bsp_0/ps7_cortexa9_0/include -MMD -MP -MF"src/fpeinit.d" -MT"src/fpeinit.d" -o "src/fpeinit.o" "../src/fpeinit.c"
../src/fpeinit.c: In function 'xferFpeBuff':
../src/fpeinit.c:89:2: warning: dereferencing type-punned pointer will break strict-aliasing rules [-Wstrict-aliasing]
  if (((DHUCamControl_bits *)&x)->ENABLE_ALL == 0)
  ^
Finished building: ../src/fpeinit.c
 
Building file: ../src/ip_utils.c
Invoking: ARM gcc compiler
arm-xilinx-eabi-gcc -Wall -O2 -c -fmessage-length=0 -MT"src/ip_utils.o" -I../../standalone_bsp_0/ps7_cortexa9_0/include -MMD -MP -MF"src/ip_utils.d" -MT"src/ip_utils.d" -o "src/ip_utils.o" "../src/ip_utils.c"
Finished building: ../src/ip_utils.c
 
Building file: ../src/platform.c
Invoking: ARM gcc compiler
arm-xilinx-eabi-gcc -Wall -O2 -c -fmessage-length=0 -MT"src/platform.o" -I../../standalone_bsp_0/ps7_cortexa9_0/include -MMD -MP -MF"src/platform.d" -MT"src/platform.d" -o "src/platform.o" "../src/platform.c"
Finished building: ../src/platform.c
 
Building file: ../src/platform_zynq.c
Invoking: ARM gcc compiler
arm-xilinx-eabi-gcc -Wall -O2 -c -fmessage-length=0 -MT"src/platform_zynq.o" -I../../standalone_bsp_0/ps7_cortexa9_0/include -MMD -MP -MF"src/platform_zynq.d" -MT"src/platform_zynq.d" -o "src/platform_zynq.o" "../src/platform_zynq.c"
Finished building: ../src/platform_zynq.c
 
Building file: ../src/server.c
Invoking: ARM gcc compiler
arm-xilinx-eabi-gcc -Wall -O2 -c -fmessage-length=0 -MT"src/server.o" -I../../standalone_bsp_0/ps7_cortexa9_0/include -MMD -MP -MF"src/server.d" -MT"src/server.d" -o "src/server.o" "../src/server.c"
../src/server.c: In function 'udp_cmd_callback':
../src/server.c:268:11: warning: unused variable 'i' [-Wunused-variable]
   u16_t   i;
           ^
../src/server.c:266:13: warning: unused variable 'cam_data' [-Wunused-variable]
   uint8_t   cam_data[ DATA_BYTES ];
             ^
../src/server.c: In function 'start_application':
../src/server.c:345:2: warning: passing argument 2 of 'udp_recv' from incompatible pointer type [enabled by default]
  udp_recv(cmd_pcb_ptr, udp_cmd_callback, NULL);
  ^
In file included from ../src/server.c:52:0:
../../standalone_bsp_0/ps7_cortexa9_0/include/lwip/udp.h:130:18: note: expected 'udp_recv_fn' but argument is of type 'err_t (*)(void *, struct udp_pcb *, struct pbuf *, struct ip_addr *, u16_t)'
 void             udp_recv       (struct udp_pcb *pcb, udp_recv_fn recv,
                  ^
Finished building: ../src/server.c
 
Building target: OSExpl.elf
Invoking: ARM gcc linker
arm-xilinx-eabi-gcc -Wl,-T -Wl,../src/lscript.ld -L../../standalone_bsp_0/ps7_cortexa9_0/lib -o "OSExpl.elf"  ./src/OSExpl.o ./src/dhu.o ./src/fpe.o ./src/fpeinit.o ./src/ip_utils.o ./src/platform.o ./src/platform_zynq.o ./src/server.o   -Wl,--start-group,-lxil,-lgcc,-lc,--end-group -Wl,--start-group,-lxil,-llwip4,-lgcc,-lc,--end-group
Finished building target: OSExpl.elf
 
Invoking: ARM Print Size
arm-xilinx-eabi-size OSExpl.elf  |tee "OSExpl.elf.size"
   text	   data	    bss	    dec	    hex	filename
2477272	   4112	269126092	271607476	103066b4	OSExpl.elf
Finished building: OSExpl.elf.size
 
